Microchip MPLAB XC8 Compiler V2.36

Linker command line:

-W-3 --edf=/opt/microchip/xc8/v2.36/pic/dat/en_msgs.txt -cn \
  -h+dist/default/debug/ccf2.X.debug.sym \
  --cmf=dist/default/debug/ccf2.X.debug.cmf -z -Q18F8722 -o/tmp/xcXaEblcF \
  --defsym=__MPLAB_BUILD=1 -Mdist/default/debug/ccf2.X.debug.map \
  --md=/tmp/xcXdelfCn.dat -E1 -ver=XC8 Compiler --acfsm=1493 \
  -ACODE=00h-01FFFFh -ACONST=00h-01FFFFh -ASMALLCONST=01000h-010FFhx496 \
  -AMEDIUMCONST=01000h-0FFFFh,011000h-01FFFFh -ACOMRAM=01h-05Fh \
  -AABS1=00h-0F5Fh -ABIGRAM=01h-0F5Fh \
  -ARAM=060h-0FFh,0100h-01FFhx14,0F00h-0F5Fh -ABANK0=060h-0FFh \
  -ABANK1=0100h-01FFh -ABANK2=0200h-02FFh -ABANK3=0300h-03FFh \
  -ABANK4=0400h-04FFh -ABANK5=0500h-05FFh -ABANK6=0600h-06FFh \
  -ABANK7=0700h-07FFh -ABANK8=0800h-08FFh -ABANK9=0900h-09FFh \
  -ABANK10=0A00h-0AFFh -ABANK11=0B00h-0BFFh -ABANK12=0C00h-0CFFh \
  -ABANK13=0D00h-0DFFh -ABANK14=0E00h-0EFFh -ABANK15=0F00h-0F5Fh \
  -ASFR=0F60h-0FFFh -ABIGSFR=0F60h-0FFFh -ACONFIG=0300000h-030000Dh \
  -AIDLOC=0200000h-0200007h -AEEDATA=0F00000h-0F003FFh -peeprom_data=EEDATA \
  -preset_vec=00h,intcode,intcodelo,powerup,init -pramtop=01000h \
  -psmallconst=SMALLCONST -pmediumconst=MEDIUMCONST -pconst=CONST \
  -AFARRAM=00h-00h \
  -prdata=COMRAM,nvrram=COMRAM,nvbit=COMRAM,rbss=COMRAM,rbit=COMRAM \
  -pfarbss=FARRAM,fardata=FARRAM,nvFARRAM=FARRAM \
  -pintsave_regs=BIGRAM,bigbss=BIGRAM,bigdata=BIGRAM -pbss=RAM \
  -pidata=CODE,irdata=CODE,ibigdata=CODE,ifardata=CODE -prparam=COMRAM \
  /tmp/xcXNBJcCN.o dist/default/debug/ccf2.X.debug.o 

Object code version is 3.11

Machine type is 18F8722



                Name                               Link     Load   Length Selector   Space Scale
/tmp/xcXNBJcCN.o
                idloc                            200000   200000        8        0       5
                config                           300000   300000        E        0       4
                init                                  0        0        4        0       0
dist/default/debug/ccf2.X.debug.o
                idloc                            200000   200000        8        0       5
                config                           300000   300000        E        0       4
                smallconst                         1000     1000       42      800       0
                text14                             123C     123C       70      821       0
                text13                             1472     1472       1A      821       0
                text12                             1312     1312       66      821       0
                text11                             1378     1378       62      821       0
                text10                             10F4     10F4       B0      821       0
                text9                              14B2     14B2        E      821       0
                text8                              12AC     12AC       66      821       0
                text7                              14C0     14C0        C      821       0
                text6                              148C     148C       14      821       0
                text5                              14A0     14A0       12      821       0
                text4                              1458     1458       1A      821       0
                text3                              13DA     13DA       60      821       0
                text2                              11A4     11A4       98      821       0
                text1                              1042     1042       B2      821       0
                text0                              14CC     14CC        8      821       0
                cstackCOMRAM                          1        1        F        1       1
                dataCOMRAM                           10       10        2        1       1
                cinit                              143A     143A       1E      821       0
                idataCOMRAM                        14D4     14D4        2      821       0

TOTAL           Name                               Link     Load   Length     Space
        CLASS   CODE           
                init                                  0        0        4         0
                text14                             123C     123C       70         0
                text13                             1472     1472       1A         0
                text12                             1312     1312       66         0
                text11                             1378     1378       62         0
                text10                             10F4     10F4       B0         0
                text9                              14B2     14B2        E         0
                text8                              12AC     12AC       66         0
                text7                              14C0     14C0        C         0
                text6                              148C     148C       14         0
                text5                              14A0     14A0       12         0
                text4                              1458     1458       1A         0
                text3                              13DA     13DA       60         0
                text2                              11A4     11A4       98         0
                text1                              1042     1042       B2         0
                text0                              14CC     14CC        8         0
                cinit                              143A     143A       1E         0
                idataCOMRAM                        14D4     14D4        2         0

        CLASS   CONST          

        CLASS   SMALLCONST     
                smallconst                         1000     1000       42         0

        CLASS   MEDIUMCONST    

        CLASS   COMRAM         
                cstackCOMRAM                          1        1        F         1
                dataCOMRAM                           10       10        2         1

        CLASS   ABS1           

        CLASS   BIGRAM         

        CLASS   RAM            

        CLASS   BANK0          

        CLASS   BANK1          

        CLASS   BANK2          

        CLASS   BANK3          

        CLASS   BANK4          

        CLASS   BANK5          

        CLASS   BANK6          

        CLASS   BANK7          

        CLASS   BANK8          

        CLASS   BANK9          

        CLASS   BANK10         

        CLASS   BANK11         

        CLASS   BANK12         

        CLASS   BANK13         

        CLASS   BANK14         

        CLASS   BANK15         

        CLASS   SFR            

        CLASS   BIGSFR         

        CLASS   CONFIG         
                config                           300000   300000        E         4

        CLASS   IDLOC          
                idloc                            200000   200000        8         5

        CLASS   EEDATA         

        CLASS   FARRAM         

        CLASS   HEAP           

        CLASS   STACK          



SEGMENTS        Name                           Load    Length   Top    Selector   Space  Class

                reset_vec                      000000  000004  000004         0       0  CODE    
                text1                          001042  000494  0014D6       821       0  CODE    
                cstackCOMRAM                   000001  000011  000012         1       1  COMRAM  
                smallconst                     001000  000042  001042       800       0  SMALLCON


UNUSED ADDRESS RANGES

        Name                Unused          Largest block    Delta
        BANK0            000060-0000FF               A0
        BANK1            000100-0001FF              100
        BANK10           000A00-000AFF              100
        BANK11           000B00-000BFF              100
        BANK12           000C00-000CFF              100
        BANK13           000D00-000DFF              100
        BANK14           000E00-000EFF              100
        BANK15           000F00-000F5F               60
        BANK2            000200-0002FF              100
        BANK3            000300-0003FF              100
        BANK4            000400-0004FF              100
        BANK5            000500-0005FF              100
        BANK6            000600-0006FF              100
        BANK7            000700-0007FF              100
        BANK8            000800-0008FF              100
        BANK9            000900-0009FF              100
        BIGRAM           000012-000F5F              F4E
        BIGSFR           000F60-000FFF               A0
        CODE             000004-000FFF              FFC
                         0014D6-01FFFF            1EB2A
        COMRAM           000012-00005F               4E
        CONST            000004-000FFF              FFC
                         0014D6-01FFFF            1EB2A
        EEDATA           F00000-F003FF              400
        MEDIUMCONST      0014D6-00FFFF             EB2A
                         011000-01FFFF             F000
        RAM              000060-000F5F              100
        SFR              000F60-000FFF               A0
        SMALLCONST       0014D6-01FFFF              100

                                  Symbol Table

?___awmod                cstackCOMRAM 000001
?_testBtnPressed         cstackCOMRAM 000001
LCDPutChar@ch            cstackCOMRAM 000007
LCDPutInst@ch            cstackCOMRAM 000007
LCDPutStr@ptr            cstackCOMRAM 000008
Port_BBSPIInit@port_dir  cstackCOMRAM 000004
SendByteBBSPI@bitcount   cstackCOMRAM 000002
SendByteBBSPI@input      cstackCOMRAM 000003
SendByteBBSPI@output     cstackCOMRAM 000001
WritePort_BBSPI@a        cstackCOMRAM 000004
WritePort_BBSPI@port_add cstackCOMRAM 000005
_ADCON0                  (abs)        000FC2
_ADCON0bits              (abs)        000FC2
_ADCON1                  (abs)        000FC1
_ADCON2                  (abs)        000FC0
_ADRESH                  (abs)        000FC4
_ADRESL                  (abs)        000FC3
_INTCONbits              (abs)        000FF2
_InitBBSPI               text5        0014A0
_LATAbits                (abs)        000F89
_LATCbits                (abs)        000F8B
_LATFbits                (abs)        000F8E
_LCDPutChar              text12       001312
_LCDPutInst              text8        0012AC
_LCDPutStr               text11       001378
_PIE1bits                (abs)        000F9D
_PIR1bits                (abs)        000F9E
_PORTAbits               (abs)        000F80
_PORTBbits               (abs)        000F81
_PORTD                   (abs)        000F83
_Port_BBSPIInit          text4        001458
_SendByteBBSPI           text14       00123C
_TRISAbits               (abs)        000F92
_TRISBbits               (abs)        000F93
_TRISCbits               (abs)        000F94
_TRISD                   (abs)        000F95
_TRISFbits               (abs)        000F97
_WritePort_BBSPI         text13       001472
__HRAM                   (abs)        000000
__Habs1                  abs1         000000
__Hbank0                 bank0        000000
__Hbank1                 bank1        000000
__Hbank10                bank10       000000
__Hbank11                bank11       000000
__Hbank12                bank12       000000
__Hbank13                bank13       000000
__Hbank14                bank14       000000
__Hbank15                bank15       000000
__Hbank2                 bank2        000000
__Hbank3                 bank3        000000
__Hbank4                 bank4        000000
__Hbank5                 bank5        000000
__Hbank6                 bank6        000000
__Hbank7                 bank7        000000
__Hbank8                 bank8        000000
__Hbank9                 bank9        000000
__Hbigbss                bigbss       000000
__Hbigdata               bigdata      000000
__Hbigram                bigram       000000
__Hbigsfr                bigsfr       000000
__Hbss                   bss          000000
__Hcinit                 cinit        000000
__Hclrtext               clrtext      000000
__Hcomram                comram       000000
__Hconfig                config       30000E
__Hconst                 const        000000
__HcstackCOMRAM          cstackCOMRAM 000000
__Hdata                  data         000000
__HdataCOMRAM            dataCOMRAM   000000
__Heeprom_data           eeprom_data  000000
__Hfarbss                farbss       000000
__Hfardata               fardata      000000
__Hheap                  heap         000000
__Hibigdata              ibigdata     000000
__Hidata                 idata        000000
__HidataCOMRAM           idataCOMRAM  000000
__Hidloc                 idloc        200008
__Hifardata              ifardata     000000
__Hinit                  init         000004
__Hintcode               intcode      000000
__Hintcode_body          intcode_body 000000
__Hintcodelo             intcodelo    000000
__Hintentry              intentry     000000
__Hintret                intret       000000
__Hintsave_regs          intsave_regs 000000
__Hirdata                irdata       000000
__Hmediumconst           mediumconst  000000
__HnvFARRAM              nvFARRAM     000000
__Hnvbit                 nvbit        000000
__Hnvrram                nvrram       000000
__Hparam                 rparam       000000
__Hpowerup               powerup      000000
__Hram                   ram          000000
__Hramtop                ramtop       001000
__Hrbit                  rbit         000000
__Hrbss                  rbss         000000
__Hrdata                 rdata        000000
__Hreset_vec             reset_vec    000000
__Hrparam                rparam       000000
__Hsfr                   sfr          000000
__Hsmallconst            smallconst   001042
__Hspace_0               (abs)        0014D6
__Hspace_1               (abs)        000012
__Hspace_2               (abs)        000000
__Hspace_4               (abs)        60000E
__Hstack                 stack        000000
__Hstruct                struct       000000
__Htemp                  temp         000000
__Htext                  text         000000
__Htext0                 text0        000000
__Htext1                 text1        000000
__Htext10                text10       000000
__Htext11                text11       000000
__Htext12                text12       000000
__Htext13                text13       000000
__Htext14                text14       000000
__Htext2                 text2        000000
__Htext3                 text3        000000
__Htext4                 text4        000000
__Htext5                 text5        000000
__Htext6                 text6        000000
__Htext7                 text7        000000
__Htext8                 text8        000000
__Htext9                 text9        000000
__LRAM                   (abs)        000001
__Labs1                  abs1         000000
__Lbank0                 bank0        000000
__Lbank1                 bank1        000000
__Lbank10                bank10       000000
__Lbank11                bank11       000000
__Lbank12                bank12       000000
__Lbank13                bank13       000000
__Lbank14                bank14       000000
__Lbank15                bank15       000000
__Lbank2                 bank2        000000
__Lbank3                 bank3        000000
__Lbank4                 bank4        000000
__Lbank5                 bank5        000000
__Lbank6                 bank6        000000
__Lbank7                 bank7        000000
__Lbank8                 bank8        000000
__Lbank9                 bank9        000000
__Lbigbss                bigbss       000000
__Lbigdata               bigdata      000000
__Lbigram                bigram       000000
__Lbigsfr                bigsfr       000000
__Lbss                   bss          000000
__Lcinit                 cinit        000000
__Lclrtext               clrtext      000000
__Lcomram                comram       000000
__Lconfig                config       000000
__Lconst                 const        000000
__LcstackCOMRAM          cstackCOMRAM 000000
__Ldata                  data         000000
__LdataCOMRAM            dataCOMRAM   000000
__Leeprom_data           eeprom_data  000000
__Lfarbss                farbss       000000
__Lfardata               fardata      000000
__Lheap                  heap         000000
__Libigdata              ibigdata     000000
__Lidata                 idata        000000
__LidataCOMRAM           idataCOMRAM  000000
__Lidloc                 idloc        000000
__Lifardata              ifardata     000000
__Linit                  init         000000
__Lintcode               intcode      000000
__Lintcode_body          intcode_body 000000
__Lintcodelo             intcodelo    000000
__Lintentry              intentry     000000
__Lintret                intret       000000
__Lintsave_regs          intsave_regs 000000
__Lirdata                irdata       000000
__Lmediumconst           mediumconst  000000
__LnvFARRAM              nvFARRAM     000000
__Lnvbit                 nvbit        000000
__Lnvrram                nvrram       000000
__Lparam                 rparam       000000
__Lpowerup               powerup      000000
__Lram                   ram          000000
__Lramtop                ramtop       001000
__Lrbit                  rbit         000000
__Lrbss                  rbss         000000
__Lrdata                 rdata        000000
__Lreset_vec             reset_vec    000000
__Lrparam                rparam       000000
__Lsfr                   sfr          000000
__Lsmallconst            smallconst   001000
__Lspace_0               (abs)        000000
__Lspace_1               (abs)        000000
__Lspace_2               (abs)        000000
__Lspace_4               (abs)        000000
__Lstack                 stack        000000
__Lstruct                struct       000000
__Ltemp                  temp         000000
__Ltext                  text         000000
__Ltext0                 text0        000000
__Ltext1                 text1        000000
__Ltext10                text10       000000
__Ltext11                text11       000000
__Ltext12                text12       000000
__Ltext13                text13       000000
__Ltext14                text14       000000
__Ltext2                 text2        000000
__Ltext3                 text3        000000
__Ltext4                 text4        000000
__Ltext5                 text5        000000
__Ltext6                 text6        000000
__Ltext7                 text7        000000
__Ltext8                 text8        000000
__Ltext9                 text9        000000
__S0                     (abs)        0014D6
__S1                     (abs)        000012
__S4                     (abs)        000000
__S5                     (abs)        000000
___awmod                 text10       0010F4
___awmod@counter         cstackCOMRAM 000005
___awmod@dividend        cstackCOMRAM 000001
___awmod@divisor         cstackCOMRAM 000003
___awmod@sign            cstackCOMRAM 000006
___extmem_base           (abs)        020000
___heap_hi               (abs)        000000
___heap_lo               (abs)        000000
___inthi_sp              stack        000000
___intlo_sp              stack        000000
___param_bank            (abs)        000000
___rparam_used           (abs)        000001
___sp                    stack        000000
__accesstop              (abs)        000060
__activetblptr           (abs)        000003
__end_of_InitBBSPI       text5        0014B2
__end_of_LCDPutChar      text12       001378
__end_of_LCDPutInst      text8        001312
__end_of_LCDPutStr       text11       0013DA
__end_of_Port_BBSPIInit  text4        001472
__end_of_SendByteBBSPI   text14       0012AC
__end_of_WritePort_BBSPI text13       00148C
__end_of___awmod         text10       0011A4
__end_of__initialization cinit        001452
__end_of_ex2             text1        0010F4
__end_of_initPortTOR     text9        0014C0
__end_of_lcdGoTo         text7        0014CC
__end_of_lcdGoToLC       text6        0014A0
__end_of_lcdInit         text3        00143A
__end_of_main            text0        0014D4
__end_of_testBtnPressed  text2        00123C
__initialization         cinit        00143A
__mediumconst            mediumconst  000000
__pcinit                 cinit        00143A
__pcstackCOMRAM          cstackCOMRAM 000001
__pdataCOMRAM            dataCOMRAM   000010
__pidataCOMRAM           idataCOMRAM  0014D4
__psmallconst            smallconst   001000
__ptext0                 text0        0014CC
__ptext1                 text1        001042
__ptext10                text10       0010F4
__ptext11                text11       001378
__ptext12                text12       001312
__ptext13                text13       001472
__ptext14                text14       00123C
__ptext2                 text2        0011A4
__ptext3                 text3        0013DA
__ptext4                 text4        001458
__ptext5                 text5        0014A0
__ptext6                 text6        00148C
__ptext7                 text7        0014C0
__ptext8                 text8        0012AC
__ptext9                 text9        0014B2
__ramtop                 ramtop       001000
__smallconst             smallconst   001000
_ex2                     text1        001042
_initPortTOR             text9        0014B2
_lcdGoTo                 text7        0014C0
_lcdGoToLC               text6        00148C
_lcdInit                 text3        0013DA
_main                    text0        0014CC
_temp                    dataCOMRAM   000010
_testBtnPressed          text2        0011A4
end_of_initialization    cinit        001452
ex2@L_ret                cstackCOMRAM 00000E
intlevel0                text         000000
intlevel1                text         000000
intlevel2                text         000000
intlevel3                text         000000
isa$std                  (abs)        000001
isa$xinst                (abs)        000000
lcdGoTo@P_Pos            cstackCOMRAM 000008
lcdGoToLC@L_Adresse      cstackCOMRAM 00000B
lcdGoToLC@P_Col          cstackCOMRAM 000009
lcdGoToLC@P_Ligne        cstackCOMRAM 00000A
stackhi                  (abs)        000000
stacklo                  (abs)        000000
start                    init         000000
start_initialization     cinit        00143A


MODULE INFORMATION

Module		Function		Class		Link	Load	Size
fonctions_LCD.c
		_lcdGoTo       		CODE           	14C0	0000	12
		_lcdGoToLC     		CODE           	148C	0000	20
		_LCDPutStr     		CODE           	1378	0000	98
		_LCDPutChar    		CODE           	1312	0000	102
		_SendByteBBSPI 		CODE           	123C	0000	112
		_LCDPutInst    		CODE           	12AC	0000	102
		_WritePort_BBSPI		CODE           	1472	0000	26
		_lcdInit       		CODE           	13DA	0000	96
		_InitBBSPI     		CODE           	14A0	0000	18
		_Port_BBSPIInit		CODE           	1458	0000	26

fonctions_LCD.c estimated size: 612

/opt/microchip/xc8/v2.36/pic/sources/c99/common/awmod.c
		___awmod       		CODE           	10F4	0000	176

/opt/microchip/xc8/v2.36/pic/sources/c99/common/awmod.c estimated size: 176

shared
		__initialization		CODE           	143A	0000	24

shared estimated size: 24

ex2.c
		_initPortTOR   		CODE           	14B2	0000	14
		_testBtnPressed		CODE           	11A4	0000	152
		_ex2           		CODE           	1042	0000	178

ex2.c estimated size: 344

main.c
		_main          		CODE           	14CC	0000	8

main.c estimated size: 8

